1:00AM INF +5 points — GET /health returns ok type=Operational score=5 maximum=5 reason="Round 1 | PASS | GET /health | HTTP 200 | 107ms | ok"
1:00AM INF +5 points — GET /api/tracks without auth returns 401 type=Operational score=5 maximum=5 reason="Round 1 | PASS | GET /api/tracks | HTTP 401 | 41ms | ok"
1:00AM INF +10 points — GET /api/tracks as spectator lists six tracks type=Operational score=10 maximum=10 reason="Round 1 | PASS | GET /api/tracks | HTTP 200 | 51ms | ok"
1:00AM INF +5 points — GET /api/tracks/track-01 returns track detail type=Operational score=5 maximum=5 reason="Round 1 | PASS | GET /api/tracks/track-01 | HTTP 200 | 59ms | ok"
1:00AM INF +5 points — GET /api/config/rules/version returns active version type=Operational score=5 maximum=5 reason="Round 1 | PASS | GET /api/config/rules/version | HTTP 200 | 50ms | ok"
1:00AM INF +5 points — POST /api/heats as spectator returns 403 type=Operational score=5 maximum=5 reason="Round 1 | PASS | POST /api/heats | HTTP 403 | 35ms | ok"
1:00AM INF +10 points — POST /api/heats as director creates a heat type=Operational score=10 maximum=10 reason="Round 1 | PASS | POST /api/heats | HTTP 201 | 59ms | ok"
1:00AM INF +10 points — POST /transponder before RUNNING returns 422 type=Operational score=10 maximum=10 reason="Round 1 | PASS | POST /transponder | HTTP 422 | 110ms | ok"
1:00AM INF +10 points — POST /api/heats/{id}/start as director returns 202 type=Operational score=10 maximum=10 reason="Round 1 | PASS | POST /api/heats/9acaec31-e87f-4ff8-9c06-b249635669d1/start | HTTP 202 | 94ms | ok"
1:00AM INF +15 points — Heat reaches RUNNING after start type=Operational score=15 maximum=15 reason="Round 1 | PASS | GET /api/heats/9acaec31-e87f-4ff8-9c06-b249635669d1 | HTTP 200 | 58ms | ok"
1:00AM INF +10 points — POST /transponder with unknown transponder returns 422 type=Operational score=10 maximum=10 reason="Round 1 | PASS | POST /transponder | HTTP 422 | 126ms | ok"
1:00AM INF +5 points — GET /api/heats/{id}/leaderboard returns standings type=Operational score=5 maximum=5 reason="Round 1 | PASS | GET /api/heats/9acaec31-e87f-4ff8-9c06-b249635669d1/leaderboard | HTTP 200 | 46ms | ok"
1:00AM INF +5 points — GET /api/heats/{unknown-uuid} returns 404 type=Operational score=5 maximum=5 reason="Round 1 | PASS | GET /api/heats/08dd227b-adba-4cc6-9780-73cbb0fd0ff0 | HTTP 404 | 53ms | ok"
1:01AM INF +5 points — GET /health returns ok type=Operational score=10 maximum=10 reason="Round 2 | PASS | GET /health | HTTP 200 | 61ms | ok"
1:01AM INF +5 points — GET /api/tracks without auth returns 401 type=Operational score=10 maximum=10 reason="Round 2 | PASS | GET /api/tracks | HTTP 401 | 58ms | ok"
1:01AM INF +10 points — GET /api/tracks as spectator lists six tracks type=Operational score=20 maximum=20 reason="Round 2 | PASS | GET /api/tracks | HTTP 200 | 61ms | ok"
1:01AM INF +5 points — GET /api/tracks/track-01 returns track detail type=Operational score=10 maximum=10 reason="Round 2 | PASS | GET /api/tracks/track-01 | HTTP 200 | 47ms | ok"
1:01AM INF +5 points — GET /api/config/rules/version returns active version type=Operational score=10 maximum=10 reason="Round 2 | PASS | GET /api/config/rules/version | HTTP 200 | 36ms | ok"
1:01AM INF +5 points — POST /api/heats as spectator returns 403 type=Operational score=10 maximum=10 reason="Round 2 | PASS | POST /api/heats | HTTP 403 | 60ms | ok"
1:01AM INF +10 points — POST /api/heats as director creates a heat type=Operational score=20 maximum=20 reason="Round 2 | PASS | POST /api/heats | HTTP 201 | 64ms | ok"
1:01AM INF +10 points — POST /transponder before RUNNING returns 422 type=Operational score=20 maximum=20 reason="Round 2 | PASS | POST /transponder | HTTP 422 | 154ms | ok"
1:01AM INF +10 points — POST /api/heats/{id}/start as director returns 202 type=Operational score=20 maximum=20 reason="Round 2 | PASS | POST /api/heats/12632834-732d-42e0-868a-870826f15e1f/start | HTTP 202 | 111ms | ok"
1:01AM INF +15 points — Heat reaches RUNNING after start type=Operational score=30 maximum=30 reason="Round 2 | PASS | GET /api/heats/12632834-732d-42e0-868a-870826f15e1f | HTTP 200 | 52ms | ok"
1:01AM INF +10 points — POST /transponder with unknown transponder returns 422 type=Operational score=20 maximum=20 reason="Round 2 | PASS | POST /transponder | HTTP 422 | 158ms | ok"
1:01AM INF +5 points — GET /api/heats/{id}/leaderboard returns standings type=Operational score=10 maximum=10 reason="Round 2 | PASS | GET /api/heats/12632834-732d-42e0-868a-870826f15e1f/leaderboard | HTTP 200 | 57ms | ok"
1:01AM INF +5 points — GET /api/heats/{unknown-uuid} returns 404 type=Operational score=10 maximum=10 reason="Round 2 | PASS | GET /api/heats/2c315082-0aec-409b-ba19-bc747a244742 | HTTP 404 | 56ms | ok"
1:02AM INF +5 points — GET /health returns ok type=Operational score=15 maximum=15 reason="Round 3 | PASS | GET /health | HTTP 200 | 52ms | ok"
1:02AM INF +5 points — GET /api/tracks without auth returns 401 type=Operational score=15 maximum=15 reason="Round 3 | PASS | GET /api/tracks | HTTP 401 | 42ms | ok"
1:02AM INF +10 points — GET /api/tracks as spectator lists six tracks type=Operational score=30 maximum=30 reason="Round 3 | PASS | GET /api/tracks | HTTP 200 | 55ms | ok"
1:02AM INF +5 points — GET /api/tracks/track-01 returns track detail type=Operational score=15 maximum=15 reason="Round 3 | PASS | GET /api/tracks/track-01 | HTTP 200 | 60ms | ok"
1:02AM INF +5 points — GET /api/config/rules/version returns active version type=Operational score=15 maximum=15 reason="Round 3 | PASS | GET /api/config/rules/version | HTTP 200 | 52ms | ok"
1:02AM INF +5 points — POST /api/heats as spectator returns 403 type=Operational score=15 maximum=15 reason="Round 3 | PASS | POST /api/heats | HTTP 403 | 44ms | ok"
1:02AM INF +10 points — POST /api/heats as director creates a heat type=Operational score=30 maximum=30 reason="Round 3 | PASS | POST /api/heats | HTTP 201 | 53ms | ok"
1:02AM INF +10 points — POST /transponder before RUNNING returns 422 type=Operational score=30 maximum=30 reason="Round 3 | PASS | POST /transponder | HTTP 422 | 149ms | ok"
1:02AM INF +10 points — POST /api/heats/{id}/start as director returns 202 type=Operational score=30 maximum=30 reason="Round 3 | PASS | POST /api/heats/7b13c72e-4e31-4520-887a-4aa670524814/start | HTTP 202 | 91ms | ok"
1:02AM INF +15 points — Heat reaches RUNNING after start type=Operational score=45 maximum=45 reason="Round 3 | PASS | GET /api/heats/7b13c72e-4e31-4520-887a-4aa670524814 | HTTP 200 | 54ms | ok"
1:02AM INF +10 points — POST /transponder with unknown transponder returns 422 type=Operational score=30 maximum=30 reason="Round 3 | PASS | POST /transponder | HTTP 422 | 123ms | ok"
1:02AM INF +5 points — GET /api/heats/{id}/leaderboard returns standings type=Operational score=15 maximum=15 reason="Round 3 | PASS | GET /api/heats/7b13c72e-4e31-4520-887a-4aa670524814/leaderboard | HTTP 200 | 57ms | ok"
1:02AM INF +5 points — GET /api/heats/{unknown-uuid} returns 404 type=Operational score=15 maximum=15 reason="Round 3 | PASS | GET /api/heats/aaa648d8-b7b6-4e57-a4f4-ced0cc01cb2a | HTTP 404 | 59ms | ok"
1:03AM INF +5 points — GET /health returns ok type=Operational score=20 maximum=20 reason="Round 4 | PASS | GET /health | HTTP 200 | 54ms | ok"
1:03AM INF +5 points — GET /api/tracks without auth returns 401 type=Operational score=20 maximum=20 reason="Round 4 | PASS | GET /api/tracks | HTTP 401 | 54ms | ok"
1:03AM INF +10 points — GET /api/tracks as spectator lists six tracks type=Operational score=40 maximum=40 reason="Round 4 | PASS | GET /api/tracks | HTTP 200 | 54ms | ok"
1:03AM INF +5 points — GET /api/tracks/track-01 returns track detail type=Operational score=20 maximum=20 reason="Round 4 | PASS | GET /api/tracks/track-01 | HTTP 200 | 60ms | ok"
1:03AM INF +5 points — GET /api/config/rules/version returns active version type=Operational score=20 maximum=20 reason="Round 4 | PASS | GET /api/config/rules/version | HTTP 200 | 54ms | ok"
1:03AM INF +5 points — POST /api/heats as spectator returns 403 type=Operational score=20 maximum=20 reason="Round 4 | PASS | POST /api/heats | HTTP 403 | 59ms | ok"
1:03AM INF +10 points — POST /api/heats as director creates a heat type=Operational score=40 maximum=40 reason="Round 4 | PASS | POST /api/heats | HTTP 201 | 47ms | ok"
1:03AM INF +10 points — POST /transponder before RUNNING returns 422 type=Operational score=40 maximum=40 reason="Round 4 | PASS | POST /transponder | HTTP 422 | 130ms | ok"
1:03AM INF +10 points — POST /api/heats/{id}/start as director returns 202 type=Operational score=40 maximum=40 reason="Round 4 | PASS | POST /api/heats/53cdd65b-2d37-42e9-a968-3abb7bef13a3/start | HTTP 202 | 65ms | ok"
1:03AM INF +15 points — Heat reaches RUNNING after start type=Operational score=60 maximum=60 reason="Round 4 | PASS | GET /api/heats/53cdd65b-2d37-42e9-a968-3abb7bef13a3 | HTTP 200 | 57ms | ok"
1:03AM INF +10 points — POST /transponder with unknown transponder returns 422 type=Operational score=40 maximum=40 reason="Round 4 | PASS | POST /transponder | HTTP 422 | 87ms | ok"
1:03AM INF +5 points — GET /api/heats/{id}/leaderboard returns standings type=Operational score=20 maximum=20 reason="Round 4 | PASS | GET /api/heats/53cdd65b-2d37-42e9-a968-3abb7bef13a3/leaderboard | HTTP 200 | 52ms | ok"
1:03AM INF +5 points — GET /api/heats/{unknown-uuid} returns 404 type=Operational score=20 maximum=20 reason="Round 4 | PASS | GET /api/heats/49e6e885-f005-44e4-b64d-bef9b5bd5856 | HTTP 404 | 41ms | ok"
