10:40PM INF +1240 points — A1-01 DynamoDB tables use on-demand billing type=Design score=1240 maximum=1240 reason="On-demand application tables: 4/4"
10:40PM INF +0 points — A1-02 EKS node group right-sized for wellness-api and analytics-engine type=Design score=0 maximum=2480 reason="applications=[], ARM64 pods=0; HTTP Error 401: Unauthorized; node types=[]"
10:40PM INF +1240 points — A1-03 Single CloudFront distribution for console and APIs type=Design score=1240 maximum=1240 reason="Submitted CloudFront distribution: d1uxac7vs4dlk.cloudfront.net"
10:40PM INF +0 points — A1-04 VPC peering connects app-vpc to files-vpc for EFS (not Transit Gateway) type=Design score=0 maximum=2480 reason="app VPCs=[], files VPCs=['vpc-0ee20d0cd34f4d42b'], active peerings=0"
10:40PM INF +1240 points — A1-05 Lambda memory and timeout sized for sleep-ingest and daily-export type=Design score=1240 maximum=1240 reason="Application Lambda memory/timeouts=[('cloudjam-vitalforge-validation-sleep-ingest', 256, 30), ('cloudjam-vitalforge-validation-daily-export', 256, 30)]"
10:40PM INF +1240 points — A1-06 S3 lifecycle configured on console origin bucket type=Design score=1240 maximum=1240 reason="Console buckets with active lifecycle: 1/1"
10:40PM INF +0 points — B1-01 app-vpc and files-vpc exist with documented separation type=Design score=0 maximum=1240 reason="Application VPCs=[]; EFS VPCs=['vpc-0ee20d0cd34f4d42b']"
10:40PM INF +0 points — B1-02 VPC peering enables EFS NFS from approved app-vpc security groups type=Design score=0 maximum=2480 reason="Peering routes=0, NFS restricted to app security groups=False"
10:40PM INF +2480 points — B1-03 DynamoDB tables per §9.3 with seed-users.json loaded type=Design score=2480 maximum=2480 reason="Exact DynamoDB keys=True, seed users=['member-demo-1', 'member-demo-2', 'member-demo-3']"
10:40PM INF +0 points — B1-04 EKS linux/arm64 runs wellness-api and analytics-engine type=Design score=0 maximum=2480 reason="applications=[], ARM64 pods=0; HTTP Error 401: Unauthorized"
10:40PM INF +2480 points — B1-05 Cognito user pool with coach and member groups (console identity only; §9.1) type=Design score=2480 maximum=2480 reason="Cognito pool must contain both coach and member groups"
10:40PM INF +2480 points — B1-06 CloudFront and WAF cover /, /console/*, /api/*, /health, and /sleep type=Design score=2480 maximum=2480 reason="Console/API/sleep routing=True, associated WAF=True"
10:40PM INF +0 points — B1-07 SSM /vitalforge/thresholds/active read at runtime without redeploy type=Design score=0 maximum=2480 reason="SSM active=cut-phase-2026, dashboard runtime=None, observed versions=[]"
10:40PM INF +0 points — B1-08 VPC Lattice service network connects wellness-api to analytics-engine type=Design score=0 maximum=2480 reason="Linked Lattice services=0, healthy analytics targets=0"
10:40PM INF +0 points — B1-09 Route 53 private zone analytics.vitalforge.internal resolves Lattice hostname type=Design score=0 maximum=1240 reason="Private analytics.vitalforge.internal must resolve to the associated Lattice service in app-vpc"
10:40PM INF +0 points — B1-10 sleep-ingest Lambda on POST /sleep (202/400/422 contract) type=Design score=0 maximum=2480 reason="Original sleep Lambda integration=True; 202/400/422 contract and unknown-user rejection"
10:40PM INF +0 points — B1-11 EventBridge schedule invokes daily-export to EFS exports/{user_id}/latest.json type=Design score=0 maximum=2480 reason="Scheduled original daily-export=True; EFS mounts=1; observed export replacement=False"
10:40PM INF +1240 points — B1-12 audit-bootstrap.yaml CloudTrail delivers management events to S3 type=Design score=1240 maximum=1240 reason="Active management trails with successful S3 delivery=1"
10:40PM INF +1240 points — B1-13 Uploading console.zip alone completes deploy with CloudFront invalidation type=Design score=1240 maximum=1240 reason="Successful console.zip deployment and CloudFront invalidation=True"
10:40PM INF +0 points — C1-01 API Gateway HTTP API has no JWT authorizer on /api/* (auth enforced in wellness-api per §8.13) type=Design score=0 maximum=2867.5 reason="API Gateway forwards protected routes without JWT authorizers; application rejects anonymous/cross-member requests"
10:40PM INF +0 points — C1-02 analytics-engine not exposed on public ALB, API Gateway, or CloudFront type=Design score=0 maximum=2867.5 reason="Healthy private Lattice analytics=False, analytics exposed through ALB/API=False"
10:40PM INF +2867.5 points — C1-03 Console S3 origin not publicly readable (OAC or equivalent) type=Design score=2867.5 maximum=2867.5 reason="All console origins require public access blocks and OAC/OAI"
10:40PM INF +0 points — C1-04 EFS only in files-vpc; NFS port 2049 restricted to approved security groups type=Design score=0 maximum=2867.5 reason="EFS isolated in files-vpc=False, approved SG-only NFS=False"
10:40PM INF +2867.5 points — C1-05 AWS WAF web ACL associated with CloudFront distribution type=Design score=2867.5 maximum=2867.5 reason="CloudFront WebACLId=arn:aws:wafv2:us-east-1:202720548515:global/webacl/cloudjam-vitalforge-validation/ac5376e3-06cc-4bd1-a992-0988d6d0d575"
10:40PM INF +0 points — C1-06 EKS and Lambda task roles follow least-privilege IAM type=Design score=0 maximum=2867.5 reason="Application pod/Lambda roles=1, broad or unreadable roles=[]"
10:40PM INF +1441.5 points — C1-07 No security group allows inbound 0.0.0.0/0 on port 22 type=Design score=1441.5 maximum=1441.5 reason="World-open SSH groups=[]"
10:40PM INF +1441.5 points — C1-08 CloudTrail S3 bucket blocks public access type=Design score=1441.5 maximum=1441.5 reason="CloudTrail destination buckets block public access"
10:40PM INF +0 points — C1-09 Provided wellness-api, analytics-engine, Lambdas, and console.zip unmodified type=Design score=0 maximum=1441.5 reason="Original Lambda ZIP hashes match; named EKS applications run and console.zip pipeline succeeded. Container payload and deployed console bytes require manual checksum verification."
10:40PM INF +0 points — C1-10 EFS access points with IAM authorization and encryption in transit on mounts type=Design score=0 maximum=2867.5 reason="EKS EFS access-point volumes with tls+iam=False; Lambda access points=1"
10:40PM INF +1441.5 points — C1-11 Data store is DynamoDB only (not Aurora or RDS) type=Design score=1441.5 maximum=1441.5 reason="Application data in DynamoDB; no RDS/Aurora in marking region"
10:40PM INF +0 points — C1-12 All marked resources deployed in one chosen AWS Region type=Design score=0 maximum=1441.5 reason="Regional application APIs use eu-central-1; console/audit bucket regions=['eu-central-1']. IAM, CloudFront and its WAF are global."
10:40PM INF +0 points — D1-01 EKS workloads span multiple AZs or maintain min replicas >= 2 type=Design score=0 maximum=3627 reason="Application AZs=[], available replicas=[]"
10:40PM INF +0 points — D1-02 Meal, workout, and sleep sessions persisted before HTTP success type=Design score=0 maximum=3627 reason="Latest acknowledged meal/workout/sleep IDs found with consistent reads=[]"
10:40PM INF +0 points — D1-03 Dashboard analytics block populated via VPC Lattice (not public edge) type=Design score=0 maximum=3627 reason="Dashboard analytics via healthy Lattice and private DNS=False"
10:40PM INF +0 points — D1-04 daily-export overwrites exports/{user_id}/latest.json on EFS type=Design score=0 maximum=3627 reason="New generated_at observed at existing member export path=False"
10:40PM INF +0 points — D1-05 CloudWatch logs enabled for EKS pods and Lambda functions type=Design score=0 maximum=3627 reason="Pod log collector/groups=False, application Lambda groups=True"
10:40PM INF +1797.9999999999998 points — D1-06 EFS file system encrypted at rest type=Design score=1797.9999999999998 maximum=1797.9999999999998 reason="Encrypted application EFS systems=1"
10:40PM INF +0 points — D1-07 Coach POST /api/members/{id}/export triggers or queues daily-export type=Design score=0 maximum=3627 reason="Coach export accepted; subsequent reads observe regenerated export"
10:40PM INF +5456 points — E1-01 CloudFront is the single public HTTPS entry point type=Design score=5456 maximum=5456 reason="Single submitted HTTPS entry=d1uxac7vs4dlk.cloudfront.net"
10:40PM INF +0 points — E1-02 EKS horizontal pod autoscaling or equivalent capacity configured type=Design score=0 maximum=5456 reason="Active application HPAs=[]"
10:40PM INF +2728 points — E1-03 CloudFront caches static console assets at / type=Design score=2728 maximum=2728 reason="Console cache default TTL=86400"
10:40PM INF +2480 points — F1-01 S3 lifecycle transitions console artifacts toward IA or archive type=Design score=2480 maximum=2480 reason="Console lifecycle transitions objects or versions toward IA/archive"
10:40PM INF +0 points — F1-02 EKS scales in when traffic subsides type=Design score=0 maximum=2480 reason="Application HPA scale-down enabled=False"
10:40PM INF +0 points — F1-03 No wasteful duplicate always-on stacks beyond brief scope type=Design score=0 maximum=2480 reason="Application clusters=0, deployments=0, EFS=1, sleep/export Lambdas=1/1"
10:40PM INF +2480 points — F1-04 DynamoDB on-demand avoids idle provisioned RCU/WCU type=Design score=2480 maximum=2480 reason="All four application tables use on-demand billing"
10:40PM INF +2480 points — F1-05 Lambda reserved concurrency or limits avoid runaway export cost type=Design score=2480 maximum=2480 reason="Export reserved/account concurrency=[(None, 10)]"
10:40PM INF +0 points — G1-01 End-to-end: log meal, workout, sleep, dashboard, and export readable type=Design score=0 maximum=4960 reason="Current writes persist, dashboard includes Lattice analytics, and export is regenerated/readable"
10:40PM INF +0 points — G1-02 Submitted CloudFront URL serves /, /health, /api/*, and /sleep type=Design score=0 maximum=4960 reason="Submitted CloudFront endpoint serves console, health, authenticated APIs and sleep"
10:40PM INF +5 points — GET /health returns ok type=Operational score=5 maximum=5 reason="Round 1 | PASS | GET /health | HTTP 200 | 186ms | ok"
10:40PM INF +5 points — GET /api/members without auth returns 401 type=Operational score=5 maximum=5 reason="Round 1 | PASS | GET /api/members | HTTP 401 | 65ms | ok"
10:40PM INF +10 points — GET /api/members as coach lists three members type=Operational score=10 maximum=10 reason="Round 1 | PASS | GET /api/members | HTTP 200 | 64ms | ok"
10:40PM INF +5 points — GET /api/config/thresholds/version returns active version type=Operational score=5 maximum=5 reason="Round 1 | PASS | GET /api/config/thresholds/version | HTTP 200 | 62ms | ok"
10:40PM INF +10 points — POST /api/meals logs a meal type=Operational score=10 maximum=10 reason="Round 1 | PASS | POST /api/meals | HTTP 201 | 52ms | ok"
10:40PM INF +10 points — POST /api/workouts logs a workout type=Operational score=10 maximum=10 reason="Round 1 | PASS | POST /api/workouts | HTTP 201 | 63ms | ok"
10:40PM INF +15 points — GET /api/members/member-demo-1/dashboard includes analytics type=Operational score=15 maximum=15 reason="Round 1 | PASS | GET /api/members/member-demo-1/dashboard | HTTP 200 | 81ms | ok"
10:40PM INF +5 points — Member cannot read another member dashboard type=Operational score=5 maximum=5 reason="Round 1 | PASS | GET /api/members/member-demo-2/dashboard | HTTP 403 | 46ms | ok"
10:40PM INF +15 points — POST /sleep accepts valid session type=Operational score=15 maximum=15 reason="Round 1 | PASS | POST /sleep | HTTP 202 | 133ms | ok"
10:40PM INF +5 points — POST /sleep rejects session below minimum type=Operational score=5 maximum=5 reason="Round 1 | PASS | POST /sleep | HTTP 422 | 119ms | ok"
10:40PM INF +5 points — POST /api/members/member-demo-1/export queues export type=Operational score=5 maximum=5 reason="Round 1 | PASS | POST /api/members/member-demo-1/export | HTTP 202 | 82ms | ok"
10:40PM INF +10 points — GET /api/export/member-demo-1/latest returns export JSON type=Operational score=10 maximum=10 reason="Round 1 | PASS | GET /api/export/member-demo-1/latest | HTTP 200 | 42ms | ok"
10:41PM INF +0 points — B1-07 SSM /vitalforge/thresholds/active read at runtime without redeploy type=Design score=0 maximum=2480 reason="SSM active=cut-phase-2026, dashboard runtime=baseline-2026, observed versions=['baseline-2026']"
10:41PM INF +2480 points — B1-10 sleep-ingest Lambda on POST /sleep (202/400/422 contract) type=Design score=2480 maximum=2480 reason="Original sleep Lambda integration=True; 202/400/422 contract and unknown-user rejection"
10:41PM INF +2867.5 points — C1-01 API Gateway HTTP API has no JWT authorizer on /api/* (auth enforced in wellness-api per §8.13) type=Design score=2867.5 maximum=2867.5 reason="API Gateway forwards protected routes without JWT authorizers; application rejects anonymous/cross-member requests"
10:41PM INF +3627 points — D1-02 Meal, workout, and sleep sessions persisted before HTTP success type=Design score=3627 maximum=3627 reason="Latest acknowledged meal/workout/sleep IDs found with consistent reads=['meal-create', 'workout-create', 'sleep-ingest']"
10:41PM INF +4960 points — G1-02 Submitted CloudFront URL serves /, /health, /api/*, and /sleep type=Design score=4960 maximum=4960 reason="Submitted CloudFront endpoint serves console, health, authenticated APIs and sleep"
10:41PM INF +5 points — GET /health returns ok type=Operational score=5 maximum=5 reason="Round 2 | PASS | GET /health | HTTP 200 | 55ms | ok"
10:41PM INF +5 points — GET /api/members without auth returns 401 type=Operational score=5 maximum=5 reason="Round 2 | PASS | GET /api/members | HTTP 401 | 63ms | ok"
10:41PM INF +10 points — GET /api/members as coach lists three members type=Operational score=10 maximum=10 reason="Round 2 | PASS | GET /api/members | HTTP 200 | 67ms | ok"
10:41PM INF +5 points — GET /api/config/thresholds/version returns active version type=Operational score=5 maximum=5 reason="Round 2 | PASS | GET /api/config/thresholds/version | HTTP 200 | 62ms | ok"
10:41PM INF +10 points — POST /api/meals logs a meal type=Operational score=10 maximum=10 reason="Round 2 | PASS | POST /api/meals | HTTP 201 | 74ms | ok"
10:41PM INF +10 points — POST /api/workouts logs a workout type=Operational score=10 maximum=10 reason="Round 2 | PASS | POST /api/workouts | HTTP 201 | 61ms | ok"
10:41PM INF +15 points — GET /api/members/member-demo-1/dashboard includes analytics type=Operational score=15 maximum=15 reason="Round 2 | PASS | GET /api/members/member-demo-1/dashboard | HTTP 200 | 76ms | ok"
10:41PM INF +5 points — Member cannot read another member dashboard type=Operational score=5 maximum=5 reason="Round 2 | PASS | GET /api/members/member-demo-2/dashboard | HTTP 403 | 51ms | ok"
10:41PM INF +15 points — POST /sleep accepts valid session type=Operational score=15 maximum=15 reason="Round 2 | PASS | POST /sleep | HTTP 202 | 132ms | ok"
10:41PM INF +5 points — POST /sleep rejects session below minimum type=Operational score=5 maximum=5 reason="Round 2 | PASS | POST /sleep | HTTP 422 | 131ms | ok"
10:41PM INF +5 points — POST /api/members/member-demo-1/export queues export type=Operational score=5 maximum=5 reason="Round 2 | PASS | POST /api/members/member-demo-1/export | HTTP 202 | 84ms | ok"
10:41PM INF +10 points — GET /api/export/member-demo-1/latest returns export JSON type=Operational score=10 maximum=10 reason="Round 2 | PASS | GET /api/export/member-demo-1/latest | HTTP 200 | 65ms | ok"
10:42PM INF +2480 points — B1-11 EventBridge schedule invokes daily-export to EFS exports/{user_id}/latest.json type=Design score=2480 maximum=2480 reason="Scheduled original daily-export=True; EFS mounts=1; observed export replacement=True"
10:42PM INF +3627 points — D1-04 daily-export overwrites exports/{user_id}/latest.json on EFS type=Design score=3627 maximum=3627 reason="New generated_at observed at existing member export path=True"
10:42PM INF +3627 points — D1-07 Coach POST /api/members/{id}/export triggers or queues daily-export type=Design score=3627 maximum=3627 reason="Coach export accepted; subsequent reads observe regenerated export"
10:42PM INF +2480 points — A1-02 EKS node group right-sized for wellness-api and analytics-engine type=Design score=2480 maximum=2480 reason="applications=['analytics-engine', 'wellness-api'], ARM64 pods=4; ; node types=[['t4g.medium']]"
10:42PM INF +2480 points — A1-04 VPC peering connects app-vpc to files-vpc for EFS (not Transit Gateway) type=Design score=2480 maximum=2480 reason="app VPCs=['vpc-0bef01f554a911101'], files VPCs=['vpc-0ee20d0cd34f4d42b'], active peerings=1"
10:42PM INF +1240 points — B1-01 app-vpc and files-vpc exist with documented separation type=Design score=1240 maximum=1240 reason="Application VPCs=['vpc-0bef01f554a911101']; EFS VPCs=['vpc-0ee20d0cd34f4d42b']"
10:42PM INF +2480 points — B1-02 VPC peering enables EFS NFS from approved app-vpc security groups type=Design score=2480 maximum=2480 reason="Peering routes=2, NFS restricted to app security groups=True"
10:42PM INF +2480 points — B1-04 EKS linux/arm64 runs wellness-api and analytics-engine type=Design score=2480 maximum=2480 reason="applications=['analytics-engine', 'wellness-api'], ARM64 pods=4; "
10:42PM INF +2480 points — B1-07 SSM /vitalforge/thresholds/active read at runtime without redeploy type=Design score=2480 maximum=2480 reason="SSM active=baseline-2026, dashboard runtime=baseline-2026, observed versions=['baseline-2026']"
10:42PM INF +2480 points — B1-08 VPC Lattice service network connects wellness-api to analytics-engine type=Design score=2480 maximum=2480 reason="Linked Lattice services=1, healthy analytics targets=2"
10:42PM INF +1240 points — B1-09 Route 53 private zone analytics.vitalforge.internal resolves Lattice hostname type=Design score=1240 maximum=1240 reason="Private analytics.vitalforge.internal must resolve to the associated Lattice service in app-vpc"
10:42PM INF +2867.5 points — C1-02 analytics-engine not exposed on public ALB, API Gateway, or CloudFront type=Design score=2867.5 maximum=2867.5 reason="Healthy private Lattice analytics=True, analytics exposed through ALB/API=False"
10:42PM INF +2867.5 points — C1-04 EFS only in files-vpc; NFS port 2049 restricted to approved security groups type=Design score=2867.5 maximum=2867.5 reason="EFS isolated in files-vpc=True, approved SG-only NFS=True"
10:42PM INF +2867.5 points — C1-06 EKS and Lambda task roles follow least-privilege IAM type=Design score=2867.5 maximum=2867.5 reason="Application pod/Lambda roles=2, broad or unreadable roles=[]"
10:42PM INF +1441.5 points — C1-09 Provided wellness-api, analytics-engine, Lambdas, and console.zip unmodified type=Design score=1441.5 maximum=1441.5 reason="Original Lambda ZIP hashes match; named EKS applications run and console.zip pipeline succeeded. Container payload and deployed console bytes require manual checksum verification."
10:42PM INF +2867.5 points — C1-10 EFS access points with IAM authorization and encryption in transit on mounts type=Design score=2867.5 maximum=2867.5 reason="EKS EFS access-point volumes with tls+iam=True; Lambda access points=1"
10:42PM INF +1441.5 points — C1-12 All marked resources deployed in one chosen AWS Region type=Design score=1441.5 maximum=1441.5 reason="Regional application APIs use eu-central-1; console/audit bucket regions=['eu-central-1']. IAM, CloudFront and its WAF are global."
10:42PM INF +3627 points — D1-01 EKS workloads span multiple AZs or maintain min replicas >= 2 type=Design score=3627 maximum=3627 reason="Application AZs=['eu-central-1a', 'eu-central-1b'], available replicas=[2, 2]"
10:42PM INF +3627 points — D1-03 Dashboard analytics block populated via VPC Lattice (not public edge) type=Design score=3627 maximum=3627 reason="Dashboard analytics via healthy Lattice and private DNS=True"
10:42PM INF +3627 points — D1-05 CloudWatch logs enabled for EKS pods and Lambda functions type=Design score=3627 maximum=3627 reason="Pod log collector/groups=True, application Lambda groups=True"
10:42PM INF +5456 points — E1-02 EKS horizontal pod autoscaling or equivalent capacity configured type=Design score=5456 maximum=5456 reason="Active application HPAs=['analytics-engine', 'wellness-api']"
10:42PM INF +2480 points — F1-02 EKS scales in when traffic subsides type=Design score=2480 maximum=2480 reason="Application HPA scale-down enabled=True"
10:42PM INF +2480 points — F1-03 No wasteful duplicate always-on stacks beyond brief scope type=Design score=2480 maximum=2480 reason="Application clusters=1, deployments=2, EFS=1, sleep/export Lambdas=1/1"
10:42PM INF +4960 points — G1-01 End-to-end: log meal, workout, sleep, dashboard, and export readable type=Design score=4960 maximum=4960 reason="Current writes persist, dashboard includes Lattice analytics, and export is regenerated/readable"
10:42PM INF +5 points — GET /health returns ok type=Operational score=5 maximum=5 reason="Round 3 | PASS | GET /health | HTTP 200 | 58ms | ok"
10:42PM INF +5 points — GET /api/members without auth returns 401 type=Operational score=5 maximum=5 reason="Round 3 | PASS | GET /api/members | HTTP 401 | 58ms | ok"
10:42PM INF +10 points — GET /api/members as coach lists three members type=Operational score=10 maximum=10 reason="Round 3 | PASS | GET /api/members | HTTP 200 | 75ms | ok"
10:42PM INF +5 points — GET /api/config/thresholds/version returns active version type=Operational score=5 maximum=5 reason="Round 3 | PASS | GET /api/config/thresholds/version | HTTP 200 | 47ms | ok"
10:42PM INF +10 points — POST /api/meals logs a meal type=Operational score=10 maximum=10 reason="Round 3 | PASS | POST /api/meals | HTTP 201 | 74ms | ok"
10:42PM INF +10 points — POST /api/workouts logs a workout type=Operational score=10 maximum=10 reason="Round 3 | PASS | POST /api/workouts | HTTP 201 | 77ms | ok"
10:42PM INF +15 points — GET /api/members/member-demo-1/dashboard includes analytics type=Operational score=15 maximum=15 reason="Round 3 | PASS | GET /api/members/member-demo-1/dashboard | HTTP 200 | 87ms | ok"
10:42PM INF +5 points — Member cannot read another member dashboard type=Operational score=5 maximum=5 reason="Round 3 | PASS | GET /api/members/member-demo-2/dashboard | HTTP 403 | 39ms | ok"
10:42PM INF +15 points — POST /sleep accepts valid session type=Operational score=15 maximum=15 reason="Round 3 | PASS | POST /sleep | HTTP 202 | 109ms | ok"
10:42PM INF +5 points — POST /sleep rejects session below minimum type=Operational score=5 maximum=5 reason="Round 3 | PASS | POST /sleep | HTTP 422 | 111ms | ok"
10:42PM INF +5 points — POST /api/members/member-demo-1/export queues export type=Operational score=5 maximum=5 reason="Round 3 | PASS | POST /api/members/member-demo-1/export | HTTP 202 | 55ms | ok"
10:42PM INF +10 points — GET /api/export/member-demo-1/latest returns export JSON type=Operational score=10 maximum=10 reason="Round 3 | PASS | GET /api/export/member-demo-1/latest | HTTP 200 | 34ms | ok"
10:43PM INF +5 points — GET /health returns ok type=Operational score=5 maximum=5 reason="Round 4 | PASS | GET /health | HTTP 200 | 51ms | ok"
10:43PM INF +5 points — GET /api/members without auth returns 401 type=Operational score=5 maximum=5 reason="Round 4 | PASS | GET /api/members | HTTP 401 | 45ms | ok"
10:43PM INF +10 points — GET /api/members as coach lists three members type=Operational score=10 maximum=10 reason="Round 4 | PASS | GET /api/members | HTTP 200 | 62ms | ok"
10:43PM INF +5 points — GET /api/config/thresholds/version returns active version type=Operational score=5 maximum=5 reason="Round 4 | PASS | GET /api/config/thresholds/version | HTTP 200 | 56ms | ok"
10:43PM INF +10 points — POST /api/meals logs a meal type=Operational score=10 maximum=10 reason="Round 4 | PASS | POST /api/meals | HTTP 201 | 59ms | ok"
10:43PM INF +10 points — POST /api/workouts logs a workout type=Operational score=10 maximum=10 reason="Round 4 | PASS | POST /api/workouts | HTTP 201 | 61ms | ok"
10:43PM INF +15 points — GET /api/members/member-demo-1/dashboard includes analytics type=Operational score=15 maximum=15 reason="Round 4 | PASS | GET /api/members/member-demo-1/dashboard | HTTP 200 | 102ms | ok"
10:43PM INF +5 points — Member cannot read another member dashboard type=Operational score=5 maximum=5 reason="Round 4 | PASS | GET /api/members/member-demo-2/dashboard | HTTP 403 | 48ms | ok"
10:43PM INF +15 points — POST /sleep accepts valid session type=Operational score=15 maximum=15 reason="Round 4 | PASS | POST /sleep | HTTP 202 | 139ms | ok"
10:43PM INF +5 points — POST /sleep rejects session below minimum type=Operational score=5 maximum=5 reason="Round 4 | PASS | POST /sleep | HTTP 422 | 124ms | ok"
10:43PM INF +5 points — POST /api/members/member-demo-1/export queues export type=Operational score=5 maximum=5 reason="Round 4 | PASS | POST /api/members/member-demo-1/export | HTTP 202 | 61ms | ok"
10:43PM INF +10 points — GET /api/export/member-demo-1/latest returns export JSON type=Operational score=10 maximum=10 reason="Round 4 | PASS | GET /api/export/member-demo-1/latest | HTTP 200 | 59ms | ok"
10:45PM INF -2480 points — B1-07 SSM /vitalforge/thresholds/active read at runtime without redeploy type=Design score=0 maximum=2480 reason="SSM active=cut-phase-2026, dashboard runtime=baseline-2026, observed versions=['baseline-2026']"
10:52PM INF +0 points — A1-02 EKS node group right-sized for wellness-api and analytics-engine type=Design score=2480 maximum=2480 reason="applications=['analytics-engine', 'wellness-api'], ARM64 pods=8; ; node types=[['t4g.medium']]"
10:52PM INF +0 points — B1-04 EKS linux/arm64 runs wellness-api and analytics-engine type=Design score=2480 maximum=2480 reason="applications=['analytics-engine', 'wellness-api'], ARM64 pods=8; "
10:52PM INF +2480 points — B1-07 SSM /vitalforge/thresholds/active read at runtime without redeploy type=Design score=2480 maximum=2480 reason="SSM active=baseline-2026, dashboard runtime=baseline-2026, observed versions=['baseline-2026']"
10:52PM INF +0 points — B1-08 VPC Lattice service network connects wellness-api to analytics-engine type=Design score=2480 maximum=2480 reason="Linked Lattice services=1, healthy analytics targets=4"
10:52PM INF +0 points — D1-01 EKS workloads span multiple AZs or maintain min replicas >= 2 type=Design score=3627 maximum=3627 reason="Application AZs=['eu-central-1a', 'eu-central-1b'], available replicas=[2, 4]"
10:53PM INF -2480 points — B1-07 SSM /vitalforge/thresholds/active read at runtime without redeploy type=Design score=0 maximum=2480 reason="SSM active=baseline-2026, dashboard runtime=cut-phase-2026, observed versions=['baseline-2026', 'cut-phase-2026']"
10:55PM INF +2480 points — B1-07 SSM /vitalforge/thresholds/active read at runtime without redeploy type=Design score=2480 maximum=2480 reason="SSM active=cut-phase-2026, dashboard runtime=cut-phase-2026, observed versions=['baseline-2026', 'cut-phase-2026']"
10:55PM INF +0 points — D1-01 EKS workloads span multiple AZs or maintain min replicas >= 2 type=Design score=3627 maximum=3627 reason="Application AZs=['eu-central-1a', 'eu-central-1b'], available replicas=[4, 4]"
